
 h
  e
   l
    l*
     o*
      w
       o
        r
         l
          d*
           2*
  i*
  o
   w
    s
     g
      o
       i
        n
         g*
 w
  o
   r
    l
     d*
